iwass@LAPTOP-O9LVCQPE MINGW64 /d/foundationsl/Foundational Program Edge/Course 7.Basic Relational Database Design
$ git init
Initialized empty Git repository in D:/foundationsl/Foundational Program Edge/Course 7.Basic Relational Database Design/.git/

iwass@LAPTOP-O9LVCQPE MINGW64 /d/foundationsl/Foundational Program Edge/Course 7.Basic Relational Database Design (master)
$ git add .

iwass@LAPTOP-O9LVCQPE MINGW64 /d/foundationsl/Foundational Program Edge/Course 7.Basic Relational Database Design (master)
$ git status
On branch master

No commits yet

Changes to be committed:
  (use "git rm --cached <file>..." to unstage)
        new file:   1.Getting Started With Relational Database/1.The Course Overview.mp4
        new file:   1.Getting Started With Relational Database/2.Setup and Installation.mp4
        new file:   1.Getting Started With Relational Database/3.A Database Story.mp4
        new file:   1.Getting Started With Relational Database/4.Relational Databases for the Naked Eye.mp4
        new file:   1.Getting Started With Relational Database/5.Database Management Systems.mp4
        new file:   "2.Database Design/1.StarCars\342\200\231s Database.mp4"
        new file:   2.Database Design/2.Database Design and the Design Process.mp4
        new file:   2.Database Design/3.Tables.mp4
        new file:   2.Database Design/4.Keys.mp4
        new file:   2.Database Design/5.Fields Specifications.mp4
        new file:   2.Database Design/BASIC RELATONAL DATABASE - Assignment 1 New.pdf
        new file:   2.Database Design/BASIC RELATONAL DATABASE - Assignment 1.pdf
        new file:   3.Relationships/1.What Is a Relationship.mp4
        new file:   3.Relationships/2.One-To-One.mp4
        new file:   3.Relationships/3.One-To-Many.mp4
        new file:   3.Relationships/4.Many-To-Many.mp4
        new file:   3.Relationships/BASIC RELATONAL DATABASE - Assignment 2 new.pdf
        new file:   3.Relationships/BASIC RELATONAL DATABASE - Assignment 2.pdf
        new file:   "4.Practice \342\200\223 Logical and Physical Models/1.Part 1 \342\200\223 Define the Entities.mp4"
        new file:   "4.Practice \342\200\223 Logical and Physical Models/2.Part 2 \342\200\223 Columns and Keys.mp4"
        new file:   "4.Practice \342\200\223 Logical and Physical Models/3.Part 3 \342\200\223 Relationships.mp4"
        new file:   5.Normalization Forms/1.Normal Forms.mp4
        new file:   5.Normalization Forms/2.First Normal Form.mp4
        new file:   5.Normalization Forms/3.Second Normal Form.mp4
        new file:   5.Normalization Forms/4.Third Normal Form.mp4
        new file:   5.Normalization Forms/BASIC RELATONAL DATABASE - Assignment 3 new.pdf
        new file:   5.Normalization Forms/BASIC RELATONAL DATABASE - Assignment 3.pdf
        new file:   "IRIS _ Learning Management System and 3 more pages - Personal - Microsoft\342\200\213 Edge 2021-06-09 12_19_17 AM.png"
        new file:   "IRIS _ Learning Management System and 4 more pages - Personal - Microsoft\342\200\213 Edge 2021-06-09 12_02_26 AM.png"


iwass@LAPTOP-O9LVCQPE MINGW64 /d/foundationsl/Foundational Program Edge/Course 7.Basic Relational Database Design (master)
$ git commit -m "first commit"
[master (root-commit) 64a59bb] first commit
 29 files changed, 0 insertions(+), 0 deletions(-)
 create mode 100644 1.Getting Started With Relational Database/1.The Course Overview.mp4
 create mode 100644 1.Getting Started With Relational Database/2.Setup and Installation.mp4
 create mode 100644 1.Getting Started With Relational Database/3.A Database Story.mp4
 create mode 100644 1.Getting Started With Relational Database/4.Relational Databases for the Naked Eye.mp4
 create mode 100644 1.Getting Started With Relational Database/5.Database Management Systems.mp4
 create mode 100644 "2.Database Design/1.StarCars\342\200\231s Database.mp4"
 create mode 100644 2.Database Design/2.Database Design and the Design Process.mp4
 create mode 100644 2.Database Design/3.Tables.mp4
 create mode 100644 2.Database Design/4.Keys.mp4
 create mode 100644 2.Database Design/5.Fields Specifications.mp4
 create mode 100644 2.Database Design/BASIC RELATONAL DATABASE - Assignment 1 New.pdf
 create mode 100644 2.Database Design/BASIC RELATONAL DATABASE - Assignment 1.pdf
 create mode 100644 3.Relationships/1.What Is a Relationship.mp4
 create mode 100644 3.Relationships/2.One-To-One.mp4
 create mode 100644 3.Relationships/3.One-To-Many.mp4
 create mode 100644 3.Relationships/4.Many-To-Many.mp4
 create mode 100644 3.Relationships/BASIC RELATONAL DATABASE - Assignment 2 new.pdf
 create mode 100644 3.Relationships/BASIC RELATONAL DATABASE - Assignment 2.pdf
 create mode 100644 "4.Practice \342\200\223 Logical and Physical Models/1.Part 1 \342\200\223 Define the Entities.mp4"
 create mode 100644 "4.Practice \342\200\223 Logical and Physical Models/2.Part 2 \342\200\223 Columns and Keys.mp4"
 create mode 100644 "4.Practice \342\200\223 Logical and Physical Models/3.Part 3 \342\200\223 Relationships.mp4"
 create mode 100644 5.Normalization Forms/1.Normal Forms.mp4
 create mode 100644 5.Normalization Forms/2.First Normal Form.mp4
 create mode 100644 5.Normalization Forms/3.Second Normal Form.mp4
 create mode 100644 5.Normalization Forms/4.Third Normal Form.mp4
 create mode 100644 5.Normalization Forms/BASIC RELATONAL DATABASE - Assignment 3 new.pdf
 create mode 100644 5.Normalization Forms/BASIC RELATONAL DATABASE - Assignment 3.pdf
 create mode 100644 "IRIS _ Learning Management System and 3 more pages - Personal - Microsoft\342\200\213 Edge 2021-06-09 12_19_17 AM.png"
 create mode 100644 "IRIS _ Learning Management System and 4 more pages - Personal - Microsoft\342\200\213 Edge 2021-06-09 12_02_26 AM.png"

iwass@LAPTOP-O9LVCQPE MINGW64 /d/foundationsl/Foundational Program Edge/Course 7.Basic Relational Database Design (master)
$ git push origin master https://github.com/iWasim/RDB_design_v1.git
fatal: invalid refspec 'https://github.com/iWasim/RDB_design_v1.git'

iwass@LAPTOP-O9LVCQPE MINGW64 /d/foundationsl/Foundational Program Edge/Course 7.Basic Relational Database Design (master)
$ git push origin master https://github.com/iWasim/RDB_design_v1.git
fatal: invalid refspec 'https://github.com/iWasim/RDB_design_v1.git'

iwass@LAPTOP-O9LVCQPE MINGW64 /d/foundationsl/Foundational Program Edge/Course 7.Basic Relational Database Design (master)
$ git add origin master https://github.com/iWasim/RDB_design_v1.git
fatal: pathspec 'origin' did not match any files

iwass@LAPTOP-O9LVCQPE MINGW64 /d/foundationsl/Foundational Program Edge/Course 7.Basic Relational Database Design (master)
$ ^C

iwass@LAPTOP-O9LVCQPE MINGW64 /d/foundationsl/Foundational Program Edge/Course 7.Basic Relational Database Design (master)
$ git remote add origin https://github.com/iWasim/RDB_design_v1.git

iwass@LAPTOP-O9LVCQPE MINGW64 /d/foundationsl/Foundational Program Edge/Course 7.Basic Relational Database Design (master)
$ git remote remove master
error: No such remote: 'master'

iwass@LAPTOP-O9LVCQPE MINGW64 /d/foundationsl/Foundational Program Edge/Course 7.Basic Relational Database Design (master)
$ git push -u origin master
Enumerating objects: 36, done.
Counting objects: 100% (36/36), done.
Delta compression using up to 4 threads
Compressing objects: 100% (36/36), done.
Writing objects: 100% (36/36), 258.10 MiB | 254.00 KiB/s, done.
Total 36 (delta 3), reused 0 (delta 0), pack-reused 0
remote: Resolving deltas: 100% (3/3), done.
remote:
remote: Create a pull request for 'master' on GitHub by visiting:
remote:      https://github.com/iWasim/RDB_design_v1/pull/new/master
remote:
To https://github.com/iWasim/RDB_design_v1.git
 * [new branch]      master -> master
Branch 'master' set up to track remote branch 'master' from 'origin'.

iwass@LAPTOP-O9LVCQPE MINGW64 /d/foundationsl/Foundational Program Edge/Course 7.Basic Relational Database Design (master)
$


