iwass@LAPTOP-O9LVCQPE MINGW64 /d/foundationsl/Foundational Program Edge/Course 7.Basic Relational Database Design
$ git init
Initialized empty Git repository in D:/foundationsl/Foundational Program Edge/Course 7.Basic Relational Database Design/.git/

iwass@LAPTOP-O9LVCQPE MINGW64 /d/foundationsl/Foundational Program Edge/Course 7.Basic Relational Database Design (master)
$ git add .

iwass@LAPTOP-O9LVCQPE MINGW64 /d/foundationsl/Foundational Program Edge/Course 7.Basic Relational Database Design (master)
$ git status
On branch master

No commits yet

Changes to be committed:
  (use "git rm --cached <file>..." to unstage)
        new file:   1.Getting Started With Relational Database/1.The Course Overview.mp4
        new file:   1.Getting Started With Relational Database/2.Setup and Installation.mp4
        new file:   1.Getting Started With Relational Database/3.A Database Story.mp4
        new file:   1.Getting Started With Relational Database/4.Relational Databases for the Naked Eye.mp4
        new file:   1.Getting Started With Relational Database/5.Database Management Systems.mp4
        new file:   "2.Database Design/1.StarCars\342\200\231s Database.mp4"
        new file:   2.Database Design/2.Database Design and the Design Process.mp4
        new file:   2.Database Design/3.Tables.mp4
        new file:   2.Database Design/4.Keys.mp4
        new file:   2.Database Design/5.Fields Specifications.mp4
        new file:   2.Database Design/BASIC RELATONAL DATABASE - Assignment 1 New.pdf
        new file:   2.Database Design/BASIC RELATONAL DATABASE - Assignment 1.pdf
        new file:   3.Relationships/1.What Is a Relationship.mp4
        new file:   3.Relationships/2.One-To-One.mp4
        new file:   3.Relationships/3.One-To-Many.mp4
        new file:   3.Relationships/4.Many-To-Many.mp4
        new file:   3.Relationships/BASIC RELATONAL DATABASE - Assignment 2 new.pdf
        new file:   3.Relationships/BASIC RELATONAL DATABASE - Assignment 2.pdf
        new file:   "4.Practice \342\200\223 Logical and Physical Models/1.Part 1 \342\200\223 Define the Entities.mp4"
        new file:   "4.Practice \342\200\223 Logical and Physical Models/2.Part 2 \342\200\223 Columns and Keys.mp4"
        new file:   "4.Practice \342\200\223 Logical and Physical Models/3.Part 3 \342\200\223 Relationships.mp4"
        new file:   5.Normalization Forms/1.Normal Forms.mp4
        new file:   5.Normalization Forms/2.First Normal Form.mp4
        new file:   5.Normalization Forms/3.Second Normal Form.mp4
        new file:   5.Normalization Forms/4.Third Normal Form.mp4
        new file:   5.Normalization Forms/BASIC RELATONAL DATABASE - Assignment 3 new.pdf
        new file:   5.Normalization Forms/BASIC RELATONAL DATABASE - Assignment 3.pdf
        new file:   "IRIS _ Learning Management System and 3 more pages - Personal - Microsoft\342\200\213 Edge 2021-06-09 12_19_17 AM.png"
        new file:   "IRIS _ Learning Management System and 4 more pages - Personal - Microsoft\342\200\213 Edge 2021-06-09 12_02_26 AM.png"


iwass@LAPTOP-O9LVCQPE MINGW64 /d/foundationsl/Foundational Program Edge/Course 7.Basic Relational Database Design (master)
$ git commit -m "first commit"
[master (root-commit) 64a59bb] first commit
 29 files changed, 0 insertions(+), 0 deletions(-)
 create mode 100644 1.Getting Started With Relational Database/1.The Course Overview.mp4
 create mode 100644 1.Getting Started With Relational Database/2.Setup and Installation.mp4
 create mode 100644 1.Getting Started With Relational Database/3.A Database Story.mp4
 create mode 100644 1.Getting Started With Relational Database/4.Relational Databases for the Naked Eye.mp4
 create mode 100644 1.Getting Started With Relational Database/5.Database Management Systems.mp4
 create mode 100644 "2.Database Design/1.StarCars\342\200\231s Database.mp4"
 create mode 100644 2.Database Design/2.Database Design and the Design Process.mp4
 create mode 100644 2.Database Design/3.Tables.mp4
 create mode 100644 2.Database Design/4.Keys.mp4
 create mode 100644 2.Database Design/5.Fields Specifications.mp4
 create mode 100644 2.Database Design/BASIC RELATONAL DATABASE - Assignment 1 New.pdf
 create mode 100644 2.Database Design/BASIC RELATONAL DATABASE - Assignment 1.pdf
 create mode 100644 3.Relationships/1.What Is a Relationship.mp4
 create mode 100644 3.Relationships/2.One-To-One.mp4
 create mode 100644 3.Relationships/3.One-To-Many.mp4
 create mode 100644 3.Relationships/4.Many-To-Many.mp4
 create mode 100644 3.Relationships/BASIC RELATONAL DATABASE - Assignment 2 new.pdf
 create mode 100644 3.Relationships/BASIC RELATONAL DATABASE - Assignment 2.pdf
 create mode 100644 "4.Practice \342\200\223 Logical and Physical Models/1.Part 1 \342\200\223 Define the Entities.mp4"
 create mode 100644 "4.Practice \342\200\223 Logical and Physical Models/2.Part 2 \342\200\223 Columns and Keys.mp4"
 create mode 100644 "4.Practice \342\200\223 Logical and Physical Models/3.Part 3 \342\200\223 Relationships.mp4"
 create mode 100644 5.Normalization Forms/1.Normal Forms.mp4
 create mode 100644 5.Normalization Forms/2.First Normal Form.mp4
 create mode 100644 5.Normalization Forms/3.Second Normal Form.mp4
 create mode 100644 5.Normalization Forms/4.Third Normal Form.mp4
 create mode 100644 5.Normalization Forms/BASIC RELATONAL DATABASE - Assignment 3 new.pdf
 create mode 100644 5.Normalization Forms/BASIC RELATONAL DATABASE - Assignment 3.pdf
 create mode 100644 "IRIS _ Learning Management System and 3 more pages - Personal - Microsoft\342\200\213 Edge 2021-06-09 12_19_17 AM.png"
 create mode 100644 "IRIS _ Learning Management System and 4 more pages - Personal - Microsoft\342\200\213 Edge 2021-06-09 12_02_26 AM.png"

iwass@LAPTOP-O9LVCQPE MINGW64 /d/foundationsl/Foundational Program Edge/Course 7.Basic Relational Database Design (master)
$ git push origin master https://github.com/iWasim/RDB_design_v1.git
fatal: invalid refspec 'https://github.com/iWasim/RDB_design_v1.git'

iwass@LAPTOP-O9LVCQPE MINGW64 /d/foundationsl/Foundational Program Edge/Course 7.Basic Relational Database Design (master)
$ git push origin master https://github.com/iWasim/RDB_design_v1.git
fatal: invalid refspec 'https://github.com/iWasim/RDB_design_v1.git'

iwass@LAPTOP-O9LVCQPE MINGW64 /d/foundationsl/Foundational Program Edge/Course 7.Basic Relational Database Design (master)
$ git add origin master https://github.com/iWasim/RDB_design_v1.git
fatal: pathspec 'origin' did not match any files

iwass@LAPTOP-O9LVCQPE MINGW64 /d/foundationsl/Foundational Program Edge/Course 7.Basic Relational Database Design (master)
$ ^C

iwass@LAPTOP-O9LVCQPE MINGW64 /d/foundationsl/Foundational Program Edge/Course 7.Basic Relational Database Design (master)
$ git remote add origin https://github.com/iWasim/RDB_design_v1.git

iwass@LAPTOP-O9LVCQPE MINGW64 /d/foundationsl/Foundational Program Edge/Course 7.Basic Relational Database Design (master)
$ git remote remove master
error: No such remote: 'master'

iwass@LAPTOP-O9LVCQPE MINGW64 /d/foundationsl/Foundational Program Edge/Course 7.Basic Relational Database Design (master)
$ git push -u origin master
Enumerating objects: 36, done.
Counting objects: 100% (36/36), done.
Delta compression using up to 4 threads
Compressing objects: 100% (36/36), done.
Writing objects: 100% (36/36), 258.10 MiB | 254.00 KiB/s, done.
Total 36 (delta 3), reused 0 (delta 0), pack-reused 0
remote: Resolving deltas: 100% (3/3), done.
remote:
remote: Create a pull request for 'master' on GitHub by visiting:
remote:      https://github.com/iWasim/RDB_design_v1/pull/new/master
remote:
To https://github.com/iWasim/RDB_design_v1.git
 * [new branch]      master -> master
Branch 'master' set up to track remote branch 'master' from 'origin'.

iwass@LAPTOP-O9LVCQPE MINGW64 /d/foundationsl/Foundational Program Edge/Course 7.Basic Relational Database Design (master)
$ git init
Reinitialized existing Git repository in D:/foundationsl/Foundational Program Edge/Course 7.Basic Relational Database Design/.git/

iwass@LAPTOP-O9LVCQPE MINGW64 /d/foundationsl/Foundational Program Edge/Course 7.Basic Relational Database Design (master)
$ git add UPDATE\(TRYING\ AFTER\ AORIGINAL\ COMMIT\ AND\ PUSH\).txt

iwass@LAPTOP-O9LVCQPE MINGW64 /d/foundationsl/Foundational Program Edge/Course 7.Basic Relational Database Design (master)
$ git status
On branch master
Your branch is up to date with 'origin/master'.

Changes to be committed:
  (use "git restore --staged <file>..." to unstage)
        new file:   UPDATE(TRYING AFTER AORIGINAL COMMIT AND PUSH).txt


iwass@LAPTOP-O9LVCQPE MINGW64 /d/foundationsl/Foundational Program Edge/Course 7.Basic Relational Database Design (master)
$ git commit -m "adding update file"
[master 317e8cf] adding update file
 1 file changed, 0 insertions(+), 0 deletions(-)
 create mode 100644 UPDATE(TRYING AFTER AORIGINAL COMMIT AND PUSH).txt

iwass@LAPTOP-O9LVCQPE MINGW64 /d/foundationsl/Foundational Program Edge/Course 7.Basic Relational Database Design (master)
$ git push origin master https://github.com/iWasim/RDB_design_v1.git
fatal: invalid refspec 'https://github.com/iWasim/RDB_design_v1.git'

iwass@LAPTOP-O9LVCQPE MINGW64 /d/foundationsl/Foundational Program Edge/Course 7.Basic Relational Database Design (master)
$ git add origin master https://github.com/iWasim/RDB_design_v1.git
fatal: pathspec 'origin' did not match any files

iwass@LAPTOP-O9LVCQPE MINGW64 /d/foundationsl/Foundational Program Edge/Course 7.Basic Relational Database Design (master)
$ git remote add origin  https://github.com/iWasim/RDB_design_v1.git
error: remote origin already exists.

iwass@LAPTOP-O9LVCQPE MINGW64 /d/foundationsl/Foundational Program Edge/Course 7.Basic Relational Database Design (master)
$ git push -u origin master
To https://github.com/iWasim/RDB_design_v1.git
 ! [rejected]        master -> master (fetch first)
error: failed to push some refs to 'https://github.com/iWasim/RDB_design_v1.git'
hint: Updates were rejected because the remote contains work that you do
hint: not have locally. This is usually caused by another repository pushing
hint: to the same ref. You may want to first integrate the remote changes
hint: (e.g., 'git pull ...') before pushing again.
hint: See the 'Note about fast-forwards' in 'git push --help' for details.

iwass@LAPTOP-O9LVCQPE MINGW64 /d/foundationsl/Foundational Program Edge/Course 7.Basic Relational Database Design (master)
$ git pull -u origin master
error: unknown switch `u'
usage: git pull [<options>] [<repository> [<refspec>...]]

    -v, --verbose         be more verbose
    -q, --quiet           be more quiet
    --progress            force progress reporting
    --recurse-submodules[=<on-demand>]
                          control for recursive fetching of submodules

Options related to merging
    -r, --rebase[=(false|true|merges|preserve|interactive)]
                          incorporate changes by rebasing rather than merging
    -n                    do not show a diffstat at the end of the merge
    --stat                show a diffstat at the end of the merge
    --log[=<n>]           add (at most <n>) entries from shortlog to merge commit message
    --signoff[=...]       add a Signed-off-by trailer
    --squash              create a single commit instead of doing a merge
    --commit              perform a commit if the merge succeeds (default)
    --edit                edit message before committing
    --cleanup <mode>      how to strip spaces and #comments from message
    --ff                  allow fast-forward
    --ff-only             abort if fast-forward is not possible
    --verify-signatures   verify that the named commit has a valid GPG signature
    --autostash           automatically stash/stash pop before and after
    -s, --strategy <strategy>
                          merge strategy to use
    -X, --strategy-option <option=value>
                          option for selected merge strategy
    -S, --gpg-sign[=<key-id>]
                          GPG sign commit
    --allow-unrelated-histories
                          allow merging unrelated histories

Options related to fetching
    --all                 fetch from all remotes
    -a, --append          append to .git/FETCH_HEAD instead of overwriting
    --upload-pack <path>  path to upload pack on remote end
    -f, --force           force overwrite of local branch
    -t, --tags            fetch all tags and associated objects
    -p, --prune           prune remote-tracking branches no longer on remote
    -j, --jobs[=<n>]      number of submodules pulled in parallel
    --dry-run             dry run
    -k, --keep            keep downloaded pack
    --depth <depth>       deepen history of shallow clone
    --shallow-since <time>
                          deepen history of shallow repository based on time
    --shallow-exclude <revision>
                          deepen history of shallow clone, excluding rev
    --deepen <n>          deepen history of shallow clone
    --unshallow           convert to a complete repository
    --update-shallow      accept refs that update .git/shallow
    --refmap <refmap>     specify fetch refmap
    -o, --server-option <server-specific>
                          option to transmit
    -4, --ipv4            use IPv4 addresses only
    -6, --ipv6            use IPv6 addresses only
    --negotiation-tip <revision>
                          report that we have only objects reachable from this object
    --show-forced-updates
                          check for forced-updates on all updated branches
    --set-upstream        set upstream for git pull/fetch


iwass@LAPTOP-O9LVCQPE MINGW64 /d/foundationsl/Foundational Program Edge/Course 7.Basic Relational Database Design (master)
$ git pull origin master
remote: Enumerating objects: 6, done.
remote: Counting objects: 100% (6/6), done.
remote: Compressing objects: 100% (6/6), done.
remote: Total 6 (delta 2), reused 0 (delta 0), pack-reused 0
Unpacking objects: 100% (6/6), 2.99 KiB | 203.00 KiB/s, done.
From https://github.com/iWasim/RDB_design_v1
 * branch            master     -> FETCH_HEAD
   64a59bb..1415952  master     -> origin/master
hint: Waiting for your editor to close the file...       0 [sig] bash 2560! sigpacket::process: Suppressing signal 18 to win32 process (pid 16848)
1150014 [sig] bash 2560! sigpacket::process: Suppressing signal 18 to win32 process (pid 16848)
Merge made by the 'recursive' strategy.
 git_cmds_used | 124 ++++++++++++++++++++++++++++++++++++++++++++++++++++++++++
 1 file changed, 124 insertions(+)
 create mode 100644 git_cmds_used

iwass@LAPTOP-O9LVCQPE MINGW64 /d/foundationsl/Foundational Program Edge/Course 7.Basic Relational Database Design (master)
$ git push -u origin master
Enumerating objects: 7, done.
Counting objects: 100% (7/7), done.
Delta compression using up to 4 threads
Compressing objects: 100% (4/4), done.
Writing objects: 100% (5/5), 625 bytes | 625.00 KiB/s, done.
Total 5 (delta 2), reused 0 (delta 0), pack-reused 0
remote: Resolving deltas: 100% (2/2), completed with 1 local object.
To https://github.com/iWasim/RDB_design_v1.git
   1415952..1ba846e  master -> master
Branch 'master' set up to track remote branch 'master' from 'origin'.

iwass@LAPTOP-O9LVCQPE MINGW64 /d/foundationsl/Foundational Program Edge/Course 7.Basic Relational Database Design (master)
$
